// Jest Snapshot v1, https://goo.gl/fbAQLP

exports[`GoogleFont should render with googleFonts options 1`] = `
<link
  href="//fonts.googleapis.com/css?family=Montserrat:700"
  rel="stylesheet"
  type="text/css"
/>
`;

exports[`GoogleFont should render with typography object 1`] = `null`;

exports[`TypographyStyle should render with typography object 1`] = `
<style
  dangerouslySetInnerHTML={
    Object {
      "__html": "html{font:100%/1.45em 'georgia',serif;box-sizing:border-box;overflow-y:scroll;}*{box-sizing:inherit;}*:before{box-sizing:inherit;}*:after{box-sizing:inherit;}body{color:hsla(0,0%,0%,0.8);font-family:'georgia',serif;font-weight:normal;word-wrap:break-word;font-kerning:normal;-moz-font-feature-settings:\\"kern\\", \\"liga\\", \\"clig\\", \\"calt\\";-ms-font-feature-settings:\\"kern\\", \\"liga\\", \\"clig\\", \\"calt\\";-webkit-font-feature-settings:\\"kern\\", \\"liga\\", \\"clig\\", \\"calt\\";font-feature-settings:\\"kern\\", \\"liga\\", \\"clig\\", \\"calt\\";}img{max-width:100%;margin-left:0;margin-right:0;margin-top:0;padding-bottom:0;padding-left:0;padding-right:0;padding-top:0;margin-bottom:1.45rem;}h1{margin-left:0;margin-right:0;margin-top:0;padding-bottom:0;padding-left:0;padding-right:0;padding-top:0;margin-bottom:1.45rem;color:inherit;font-family:-apple-system,'BlinkMacSystemFont','Segoe UI','Roboto','Oxygen','Ubuntu','Cantarell','Fira Sans','Droid Sans','Helvetica Neue',sans-serif;font-weight:bold;text-rendering:optimizeLegibility;font-size:2rem;line-height:1.1;}h2{margin-left:0;margin-right:0;margin-top:0;padding-bottom:0;padding-left:0;padding-right:0;padding-top:0;margin-bottom:1.45rem;color:inherit;font-family:-apple-system,'BlinkMacSystemFont','Segoe UI','Roboto','Oxygen','Ubuntu','Cantarell','Fira Sans','Droid Sans','Helvetica Neue',sans-serif;font-weight:bold;text-rendering:optimizeLegibility;font-size:1.51572rem;line-height:1.1;}h3{margin-left:0;margin-right:0;margin-top:0;padding-bottom:0;padding-left:0;padding-right:0;padding-top:0;margin-bottom:1.45rem;color:inherit;font-family:-apple-system,'BlinkMacSystemFont','Segoe UI','Roboto','Oxygen','Ubuntu','Cantarell','Fira Sans','Droid Sans','Helvetica Neue',sans-serif;font-weight:bold;text-rendering:optimizeLegibility;font-size:1.31951rem;line-height:1.1;}h4{margin-left:0;margin-right:0;margin-top:0;padding-bottom:0;padding-left:0;padding-right:0;padding-top:0;margin-bottom:1.45rem;color:inherit;font-family:-apple-system,'BlinkMacSystemFont','Segoe UI','Roboto','Oxygen','Ubuntu','Cantarell','Fira Sans','Droid Sans','Helvetica Neue',sans-serif;font-weight:bold;text-rendering:optimizeLegibility;font-size:1rem;line-height:1.1;}h5{margin-left:0;margin-right:0;margin-top:0;padding-bottom:0;padding-left:0;padding-right:0;padding-top:0;margin-bottom:1.45rem;color:inherit;font-family:-apple-system,'BlinkMacSystemFont','Segoe UI','Roboto','Oxygen','Ubuntu','Cantarell','Fira Sans','Droid Sans','Helvetica Neue',sans-serif;font-weight:bold;text-rendering:optimizeLegibility;font-size:0.87055rem;line-height:1.1;}h6{margin-left:0;margin-right:0;margin-top:0;padding-bottom:0;padding-left:0;padding-right:0;padding-top:0;margin-bottom:1.45rem;color:inherit;font-family:-apple-system,'BlinkMacSystemFont','Segoe UI','Roboto','Oxygen','Ubuntu','Cantarell','Fira Sans','Droid Sans','Helvetica Neue',sans-serif;font-weight:bold;text-rendering:optimizeLegibility;font-size:0.81225rem;line-height:1.1;}hgroup{margin-left:0;margin-right:0;margin-top:0;padding-bottom:0;padding-left:0;padding-right:0;padding-top:0;margin-bottom:1.45rem;}ul{margin-left:1.45rem;margin-right:0;margin-top:0;padding-bottom:0;padding-left:0;padding-right:0;padding-top:0;margin-bottom:1.45rem;list-style-position:outside;list-style-image:none;}ol{margin-left:1.45rem;margin-right:0;margin-top:0;padding-bottom:0;padding-left:0;padding-right:0;padding-top:0;margin-bottom:1.45rem;list-style-position:outside;list-style-image:none;}dl{margin-left:0;margin-right:0;margin-top:0;padding-bottom:0;padding-left:0;padding-right:0;padding-top:0;margin-bottom:1.45rem;}dd{margin-left:0;margin-right:0;margin-top:0;padding-bottom:0;padding-left:0;padding-right:0;padding-top:0;margin-bottom:1.45rem;}p{margin-left:0;margin-right:0;margin-top:0;padding-bottom:0;padding-left:0;padding-right:0;padding-top:0;margin-bottom:1.45rem;}figure{margin-left:0;margin-right:0;margin-top:0;padding-bottom:0;padding-left:0;padding-right:0;padding-top:0;margin-bottom:1.45rem;}pre{margin-left:0;margin-right:0;margin-top:0;padding-bottom:0;padding-left:0;padding-right:0;padding-top:0;margin-bottom:1.45rem;font-size:0.85rem;line-height:1.45rem;}table{margin-left:0;margin-right:0;margin-top:0;padding-bottom:0;padding-left:0;padding-right:0;padding-top:0;margin-bottom:1.45rem;font-size:1rem;line-height:1.45rem;border-collapse:collapse;width:100%;}fieldset{margin-left:0;margin-right:0;margin-top:0;padding-bottom:0;padding-left:0;padding-right:0;padding-top:0;margin-bottom:1.45rem;}blockquote{margin-left:1.45rem;margin-right:1.45rem;margin-top:0;padding-bottom:0;padding-left:0;padding-right:0;padding-top:0;margin-bottom:1.45rem;}form{margin-left:0;margin-right:0;margin-top:0;padding-bottom:0;padding-left:0;padding-right:0;padding-top:0;margin-bottom:1.45rem;}noscript{margin-left:0;margin-right:0;margin-top:0;padding-bottom:0;padding-left:0;padding-right:0;padding-top:0;margin-bottom:1.45rem;}iframe{margin-left:0;margin-right:0;margin-top:0;padding-bottom:0;padding-left:0;padding-right:0;padding-top:0;margin-bottom:1.45rem;}hr{margin-left:0;margin-right:0;margin-top:0;padding-bottom:0;padding-left:0;padding-right:0;padding-top:0;margin-bottom:calc(1.45rem - 1px);background:hsla(0,0%,0%,0.2);border:none;height:1px;}address{margin-left:0;margin-right:0;margin-top:0;padding-bottom:0;padding-left:0;padding-right:0;padding-top:0;margin-bottom:1.45rem;}b{font-weight:bold;}strong{font-weight:bold;}dt{font-weight:bold;}th{font-weight:bold;}li{margin-bottom:calc(1.45rem / 2);}ol li{padding-left:0;}ul li{padding-left:0;}li > ol{margin-left:1.45rem;margin-bottom:calc(1.45rem / 2);margin-top:calc(1.45rem / 2);}li > ul{margin-left:1.45rem;margin-bottom:calc(1.45rem / 2);margin-top:calc(1.45rem / 2);}blockquote *:last-child{margin-bottom:0;}li *:last-child{margin-bottom:0;}p *:last-child{margin-bottom:0;}li > p{margin-bottom:calc(1.45rem / 2);}code{font-size:0.85rem;line-height:1.45rem;}kbd{font-size:0.85rem;line-height:1.45rem;}samp{font-size:0.85rem;line-height:1.45rem;}abbr{border-bottom:1px dotted hsla(0,0%,0%,0.5);cursor:help;}acronym{border-bottom:1px dotted hsla(0,0%,0%,0.5);cursor:help;}abbr[title]{border-bottom:1px dotted hsla(0,0%,0%,0.5);cursor:help;text-decoration:none;}thead{text-align:left;}td,th{text-align:left;border-bottom:1px solid hsla(0,0%,0%,0.12);font-feature-settings:\\"tnum\\";-moz-font-feature-settings:\\"tnum\\";-ms-font-feature-settings:\\"tnum\\";-webkit-font-feature-settings:\\"tnum\\";padding-left:0.96667rem;padding-right:0.96667rem;padding-top:0.725rem;padding-bottom:calc(0.725rem - 1px);}th:first-child,td:first-child{padding-left:0;}th:last-child,td:last-child{padding-right:0;}",
    }
  }
  id="typography.js"
/>
`;
